Resolving dependencies...
Downloading packages...
  characters 1.4.0 (1.4.1 available)
  matcher 0.12.17 (0.12.18 available)
  material_color_utilities 0.11.1 (0.13.0 available)
  meta 1.17.0 (1.18.1 available)
  test_api 0.7.7 (0.7.9 available)
Got dependencies!
5 packages have newer versions incompatible with dependency constraints.
Try `flutter pub outdated` for more information.
Launching lib\main.dart on Windows in debug mode...
flutter : Error: 
Building with 
plugins requires 
symlink support.
At line:1 char:1
+ flutter run -d 
windows > 
build_error.log 2>&1
+ ~~~~~~~~~~~~~~~~~~~
~~~~~~~~~~~~~~~~~~~~~
~~~~~
    + CategoryInfo   
           : NotSpe  
  cified: (Error:    
 Building...ymlin    
k support.:Strin    
g) [], RemoteExc    
eption
    + FullyQualified 
   ErrorId : Native  
  CommandError
 

Please enable 
Developer Mode in 
your system 
settings. Run
  start ms-settings:d
evelopers
to open settings.
